[    0.000000] Initializing cgroup subsys cpuset
[    0.000000] Initializing cgroup subsys cpu
[    0.000000] Initializing cgroup subsys cpuacct
[    0.000000] Linux version 4.4.0-138-generic (buildd@lcy01-amd64-006) (gcc version 5.4.0 20160609 (Ubuntu 5.4.0-6ubuntu1~16.04.10) ) #164-Ubuntu SMP Tue Oct 2 17:16:02 UTC 2018 (Ubuntu 4.4.0-138.164-generic 4.4.155)
[    0.000000] Command line: BOOT_IMAGE=/boot/vmlinuz-4.4.0-138-generic root=LABEL=cloudimg-rootfs ro console=tty1 console=ttyS0
[    0.000000] KERNEL supported cpus:
[    0.000000]   Intel GenuineIntel
[    0.000000]   AMD AuthenticAMD
[    0.000000]   Centaur CentaurHauls
[    0.000000] x86/fpu: xstate_offset[2]:  576, xstate_sizes[2]:  256
[    0.000000] x86/fpu: Supporting XSAVE feature 0x01: 'x87 floating point registers'
[    0.000000] x86/fpu: Supporting XSAVE feature 0x02: 'SSE registers'
[    0.000000] x86/fpu: Supporting XSAVE feature 0x04: 'AVX registers'
[    0.000000] x86/fpu: Enabled xstate features 0x7, context size is 832 bytes, using 'standard' format.
[    0.000000] e820: BIOS-provided physical RAM map:
[    0.000000] BIOS-e820: [mem 0x0000000000000000-0x000000000009fbff] usable
[    0.000000] BIOS-e820: [mem 0x000000000009fc00-0x000000000009ffff] reserved
[    0.000000] BIOS-e820: [mem 0x00000000000f0000-0x00000000000fffff] reserved
[    0.000000] BIOS-e820: [mem 0x0000000000100000-0x000000003ffeffff] usable
[    0.000000] BIOS-e820: [mem 0x000000003fff0000-0x000000003fffffff] ACPI data
[    0.000000] BIOS-e820: [mem 0x00000000fec00000-0x00000000fec00fff] reserved
[    0.000000] BIOS-e820: [mem 0x00000000fee00000-0x00000000fee00fff] reserved
[    0.000000] BIOS-e820: [mem 0x00000000fffc0000-0x00000000ffffffff] reserved
[    0.000000] NX (Execute Disable) protection: active
[    0.000000] SMBIOS 2.5 present.
[    0.000000] Hypervisor detected: KVM
[    0.000000] e820: last_pfn = 0x3fff0 max_arch_pfn = 0x400000000
[    0.000000] MTRR: Disabled
[    0.000000] x86/PAT: MTRRs disabled, skipping PAT initialization too.
[    0.000000] CPU MTRRs all blank - virtualized system.
[    0.000000] x86/PAT: nfuratn -7]: WB  WT  UC- UC  WB  W  - UC     00000]ou SMPMPabe  [em0x09f0-0x0009ffff] mapped at [ffff88000009fff0]
[  00000] cannng aea f lw meorcoruption
[    000000] RAMDISK: [mem 0x3630a000-x3717cfff]
[  00000 AI: Ear tblehesum rication disabled
[   00000]CP: RSDP 0x00000000000E0000 000024 (v02 VBOX  
  0.0000 API: SD0x000003F0030003C (v01 VBOX   VBOXS 000001 L 00000061)
[  000000]CP: FA 0000003FF0F000F4 (v VOX   BOXFACP 00000001 ASL  00000061)
[    0.000000] ACPI: DSDT 0x000000003FFF0470 0021FF (v02 VBOX   VBOXBIOS 00000002 INTL 20100528)
[    0.000000] ACPI: FACS 0x00000003FFF0200 000040
[    0.000000] ACPI: FACS 0x000000003FFF0200 000040
[    0.000000] ACPI: APIC 0x000000003FFF0240 00005C (v02 VBOX   VBOXAPIC 00000001 ASL  00000061)
[    0.000000] ACPI: SSDT 0x000000003FFF02A0 0001CC (v01 VBOX   VBOXCPUT 00000002 INTL 20100528)
[    0.000000] No NUMA configuration found
[    0.000000] Faking a node at [mem 0x0000000000000000-0x000000003ffeffff]
[  0.000] NODE_DATA(0) allocated [mem 0x3ffeb000-0x3ffefff]
[    0.000000] kvm-clock: Using msrs 4b5564d01 and 4b564d00
[    0.000000] kvm-clock: cpu 0, msr 0:3ffe3001, primary cpu clock
[    0.000000] kvm-clock: using sched offset of 3628273761 cycles
[    0.000000] clocksource: kvm-clock: mask: 0xffffffffffffffff max_cycles: 0x1cd42e4dffb, max_idle_ns: 881590591483 ns
[    0.000000] Zone ranges:
[    0.000000]   DMA      [mem 0x0000000000001000-0x0000000000ffffff]
[    0.000000]   DMA32    [mem 0x0000000001000000-0x000000003ffeffff]
[    0.000000]   Normal   empty
[    0.000000]   Device   empty
[    0.000000] Movable zone start for each node
[    0.000000] Early memory node ranges
[    0.000000]   node   0: [mem 0x0000000000001000-0x000000000009efff]
[    0.000000]   node   0: [mem 0x0000000000100000-0x0000000ffffff
[    0.000000] Initmem setup node 0 [mem 0x0000000000001000-0x000000003ffeffff]
[   0.000]ACI:M-imer IO or 0x48
[  0.0000IOIC[0] ac_d 2,erion2, address 0xfec00000, GSI 0-23
[  0.000000] ACPI: INT_SRC_OV(b 0 bs_q  glol_rq 2 dfdf
[   00000]AC: NT_SRC_OVR us 0 bus_irq 9 global_irq 9 low level)
[    0.000000] Using ACPI (MADT) for SMP configuration infrmaton[    00000] smpboot: Allowing 2 CPUs, 0 hotplug CPUs
[    0.000000] PM: Registered nosave memory: [mem 0x00000000-0x00000fff]
[    0.000000] PM: Registeedosvemery [em 0009f000x009fff
[    0.000000] PM: Registered nosave memory: [mem 0x00a000-000efff
   0.00000 P Regstednosa mory:me0x000f0000-0x000fffff]
[  00000 e20 [m x40000-0xfebfffff] available for PCI devices
[   .0000] Booting paravirtualized kernell on KVM
[    0.000000] clocksource: refined-jiffies: mask: 0xffffffff max_cycles: 0xffffffff, max_idle_ns: 7645519600211568 ns
[    0.000000] setup_percpu: NR_CPUS:512 nr_cpumask_bits:512 nr_cpu_ids:2 nr_node_ids:1
[    0.000000] PERCPU: Embedded 34 pages/cpu @ffff88003fc00000 s99608 r8192 d31464 u1048576
[    0.000000] PV qspinlock hash table entries: 256 (order: 0, 4096 bytes)
[    0.000000] Built 1 zonelists in Node order, mobilityroping on.  Total pages: 257912[   0.000000] Policy zone: DMA32
[    0.000000] Kernel command line: BOOT_IMAGE=/boot/vmlinuz-4.4.0-138-generic root=LABEL=cloudimg-rootfs ro console=tty1 console=ttyS0
[    0.000000] PID hash table entries: 4096 (order: 3, 32768 bytes)
[    0.000000] Memory: 997708K/1048120K available (8563K kernel code, 1314K rwdata, 4004K rodata, 1528K init, 1316K bss, 50412K reserved, 0K cma-reserved)
[    0.000000] SLUB: HWalign=64, Order=0-3, MinObjects=0, CPUs=2, Nodes=1
[    0.000000] Kernel/User page tables isolation: enabled
[    0.000000] Hierarchical RCU implementation.
[    0.000000] 	Build-time adjustment of leaf fanout to 64.
[    0.000000] 	RCU restricting CPUs from NR_CPUS=512 to nr_cpu_ids=2.
[    0.000000] RCU: Adjusting geometry for rcu_fanout_leaf=64, nr_cpu_ids=2
[    0.000000] NR_IRQS:33024 nr_irqs:440 16
[    0.000000] Console: colour VGA+ 80x25
[    0.000000] console [tty1] enabled
[    0.000000] console [ttyS0] enabled
[    0.000000] tsc: Detected 2394.568 MHz processor
[    4.215184] Calibrating delay loop (skipped) preset value.. 4789.13 BogoMIPS (lpj=9578272)
[    4.217065] pid_max: default: 32768 minimum: 301
[    4.218064] ACPI: Core revision 20150930
[    4.219864] ACPI: 2 ACPI AML tables successsfully acquired and loaded
[    4.223965] Security Framework initialized
[    4.224818] Yama: becoming mindful.
[    4.225592] AppArmor: AppArmor initialized
[    4.226558] Dentry cache hash table entries: 131072 (order: 8, 1048576 bytes)
[    4.228490] Inode-cache hash table entries: 65536 (order: 7, 524288 bytes)
[    4.229890] Mount-cache hash table entries: 2048 (order: 2, 16384 bytes)
[    4.231174] Mountpoint-cache hash table entries: 2048 (order: 2, 16384 bytes)
[    4.232629] Initializing cgroup subsys io
[    4.233535] Initializing cgroup subsys memory
[    4.234451] Initializing cgroup subsys devices
[    4.235399] Initializing cgroup subsys freezer
[    4.236333] Initializing cgroup subsys net_cls
[    4.237239] Initializing cgroup subsys perf_event
[    4.238199] Initializing cgroup subsys net_prio
[    4.239163] Initializing cgroup subsys hugetlb
[    4.240067] Initializing cgroup subsys pids
[    4.241328] mce: CPU supports 0 MCE banks
[    4.242228] Last level iTLB entries: 4KB 512, 2MB 8, 4MB 8
[    4.243344] Last level dTLB entries: 4KB 512, 2MB 32, 4MB 32, 1GB 0
[    4.244540] Spectre V2 : Mitigation: Full generic retpoline
[    4.245607] Spectre V2 : Spectre v2 mitigation: Speculation control IBPB not-supported IBRS not-supported
[    4.247314] Spectre V2 : Spectre v2 / SpectreRSB mitigation: Filling RSB on context switch
[    4.249329] Speculative Store Bypass: Vulnerable
[    4.265543] Freeing SMP alternatives memory: 32K
[    4.274587] ftrace: allocating 32278 entries in 127 pages
[    4.430805] smpboot: APIC(0) Converting physical 0 to logical package 0
[    4.522191] smpboot: Max logical packages: 1
[    4.533758] x2apic enabled
[    4.555413] Switched APIC routing to physical x2apic.
[    4.624708] ..TIMER: vector=0x30 apic1=0 pin1=2 apic2=-1 pin2=-1
[    4.806382] smpboot: CPU0: Intel(R) Core(TM) i7-3630QM CPU @ 2.40GHz (family: 0x6, model: 0x3a, stepping: 0x9)
[    4.943453] Performance Events: unsupported p6 CPU model 58 no PMU driver, software events only.
[    5.027861] KVM setup paravirtual spinlock
[    5.029544] x86: Booting SMP configuration:
[    5.059817] .... node  #0, CPUs:      #1
[    5.078641] kvm-clock: cpu 1, msr 0:3ffe3041, secondary cpu clock
[    5.079835] mce: CPU supports 0 MCE banks
[    5.082379] x86: Booted up 1 node, 2 CPUs
[    5.083461] smpboot: Total of 2 processors activated (9578.27 BogoMIPS)
[    5.085155] devtmpfs: initialized
[    5.168743] evm: security.selinux
[    5.196374] evm: security.SMACK64
[    5.221627] evm: security.SMACK64EXEC
[    5.321200] evm: security.SMACK64TRANSMUTE
[    5.401305] evm: security.SMACK64MMAP
[    5.466656] evm: security.ima
[    5.537897] evm: security.capability
[    5.568799] clocksource: jiffies: mask: 0xffffffff max_cycles: 0xffffffff, max_idle_ns: 7645041785100000 ns
[    5.714050] futex hash table entries: 512 (order: 3, 32768 bytes)
[    5.796327] pinctrl core: initialized pinctrl subsystem
[    5.848120] RTC time:  8:06:53, date: 11/05/18
[    5.855989] NET: Registered protocol family 16
[    5.922604] cpuidle: using governor ladder
[    6.000040] cpuidle: using governor menu
[    6.055236] PCCT header not found.
[    6.056081] ACPI: bus type PCI registered
[    6.056939] acpiphp: ACPI Hot Plug PCI Controller Driver version: 0.5
[    6.058328] PCI: Using configuration type 1 for base access
[    6.071580] ACPI: Added _OSI(Module Device)
[    6.153598] ACPI: Added _OSI(Processor Device)
[    6.212232] ACPI: Added _OSI(3.0 _SCP Extensions)
[    6.245640] ACPI: Added _OSI(Processor Aggregator Device)
[    6.247507] ACPI: Executed 1 blocks of module-level executable AML code
[    6.250980] ACPI: Interpreter enabled
[    6.251902] ACPI: (supports S0 S5)
[    6.259460] ACPI: Using IOAPIC for interrupt routing
[    6.267535] PCI: Using host bridge windows from ACPI; if necessary, use "pci=nocrs" and report a bug
[    6.310070] ACPI: PCI Root Bridge [PCI0] (domain 0000 [bus 00-ff])
[    6.414174] acpi PNP0A03:00: _OSC: OS supports [ASPM ClockPM Segments MSI]
[    6.437441] acpi PNP0A03:00: _OSC: not requesting OS control; OS requires [ExtendedConfig ASPM ClockPM MSI]
[    6.590373] acpi PNP0A03:00: fail to add MMCONFIG information, can't access extended PCI configuration space under this bridge.
[    6.611141] PCI host bridge to bus 0000:00
[    6.614654] pci_bus 0000:00: root bus resource [io  0x0000-0x0cf7 window]
[    6.628999] pci_bus 0000:00: root bus resource [io  0x0d00-0xffff window]
[    6.707958] pci_bus 0000:00: root bus resource [mem 0x000a0000-0x000bffff window]
[    6.713087] pci_bus 0000:00: root bus resource [mem 0x40000000-0xfdffffff window]
[    6.814703] pci_bus 0000:00: root bus resource [bus 00-ff]
[    6.893056] pci 0000:00:01.1: legacy IDE quirk: reg 0x10: [io  0x01f0-0x01f7]
[    7.025347] pci 0000:00:01.1: legacy IDE quirk: reg 0x14: [io  0x03f6]
[    7.089370] pci 0000:00:01.1: legacy IDE quirk: reg 0x18: [io  0x0170-0x0177]
[    7.273389] pci 0000:00:01.1: legacy IDE quirk: reg 0x1c: [io  0x0376]
[    7.333980] pci 0000:00:07.0: quirk: [io  0x4000-0x403f] claimed by PIIX4 ACPI
[    7.342258] pci 0000:00:07.0: quirk: [io  0x4100-0x410f] claimed by PIIX4 SMB
[    7.382766] ACPI: PCI Interrupt Link [LNKA] (IRQs 5 9 10 *11)
[    7.443281] ACPI: PCI Interrupt Link [LNKB] (IRQs 5 9 *10 11)
[    7.574090] ACPI: PCI Interrupt Link [LNKC] (IRQs 5 *9 10 11)
[    7.638533] ACPI: PCI Interrupt Link [LNKD] (IRQs 5 9 10 *11)
[    7.699007] ACPI: Enabled 2 GPEs in block 00 to 07
[    7.747422] vgaarb: setting as boot device: PCI:0000:00:02.0
[    7.866941] vgaarb: device added: PCI:0000:00:02.0,decodes=io+mem,owns=io+mem,locks=none
[    7.960520] vgaarb: loaded
[    8.018096] vgaarb: bridge control possible 0000:00:02.0
[    8.111144] SCSI subsystem initialized
[    8.137768] ACPI: bus type USB registered
[    8.241733] usbcore: registered new interface driver usbfs
[    8.353317] usbcore: registered new interface driver hub
[    8.388721] usbcore: registered new device driver usb
[    8.390456] PCI: Using ACPI for IRQ routing
[    8.391691] NetLabel: Initializing
[    8.392468] NetLabel:  domain hash size = 128
[    8.393405] NetLabel:  protocols = UNLABELED CIPSOv4
[    8.394470] NetLabel:  unlabeled traffic allowed by default
[    8.395696] amd_nb: Cannot enumerate AMD northbridges
[    8.396904] clocksource: Switched to clocksource kvm-clock
[   .483 AArr:ppmoFisyemnaed[  9291]npPn ACP init  9.44] p:PnAC: ou 3eves
[    9.962692] clocksource: acpi_pm: mask: 0xffffff max_cycles: 0xffffff, max_idle_ns: 2085701024 ns
[    9.979471] NET: Registered protocol family 2
[    9.980523] TCP established hash table entries: 8192 (order: 4, 65536 bytes)
[    9.981900] TCP bind hash table entries: 8192 (order: 5, 131072 bytes)
[    9.983320] TCP: Hash tables configured (established 8192 bind 8192)
[    9.984560] UDP hash table entries: 512 (order: 2, 16384 bytes)
[    9.985705] UDP-Lite hash table entries: 512 (order: 2, 16384 bytes)
[    9.986936] NET: Registered protocol family 1
[    9.987856] pci 0000:00:00.0: Limiting direct PCI/PCI transfers
[    9.989069] pci 0000:00:01.0: Activating ISA DMA hang workarounds
[    9.990380] Unpacking initramfs...
[   10.180866] Freeing initrd memory: 14796K
[   10.233514] RAPL PMU detected, API unit is 2^-32 Joules, 3 fixed counters 10737418240 ms ovfl timer
[   10.382241] hw unit of domain pp0-core 2^-0 Joules
[   10.478820] hw unit of domain package 2^-0 Joules
[   10.511679] hw unit of domain pp1-gpu 2^-0 Joules
[   10.534853] platform rtc_cmos: registered platform RTC device (no PNP device found)
[   10.552008] Scanning for low memory corruption every 60 seconds
[   10.561144] audit: initializing netlink subsys (disabled)
[   10.562289] audit: type=2000 audit(1541405215.216:1): initialized
[   10.563718] Initialise system trusted keyring
[   10.564802] HugeTLB registered 2 MB page size, pre-allocated 0 pages
[   10.567382] zbud: loaded
[   10.568346] VFS: Disk quotas dquot_6.6.0
[   10.569261] VFS: Dquot-cache hash table entries: 512 (order 0, 4096 bytes)
[   10.570784] squashfs: version 4.0 (2009/01/31) Phillip Lougher
[   10.572222] fuse init (API version 7.23)
[   10.573199] Key type big_key registered
[   10.574089] Allocating IMA MOK and blacklist keyrings.
[   10.576548] Key type asymmetric registered
[   10.583462] Asymmetric key parser 'x509' registered
[   10.584882] Block layer SCSI generic (bsg) driver version 0.4 loaded (major 249)
[   10.597627] io scheduler noop registered
[   10.598495] io scheduler deadline registered (default)
[   10.599567] io scheduler cfq registered
[   10.600516] pci_hotplug: PCI Hot Plug PCI Core version: 0.5
[   10.614409] pciehp: PCI Express Hot Plug Controller Driver version: 0.4
[   10.615806] ACPI: AC Adapter [AC] (on-line)
[   10.616743] input: Power Button as /devices/LNXSYSTM:00/LNXPWRBN:00/input/input0
[   10.618365] ACPI: Power Button [PWRF]
[   10.619241] input: Sleep Button as /devices/LNXSYSTM:00/LNXSLPBN:00/input/input1
[   10.620774] ACPI: Sleep Button [SLPF]
[   10.621818] GHES: HEST is not enabled!
[   10.622463] ACPI: Battery Slot [BAT0] (battery present)
[   10.623763] Serial: 8250/16550 driver, 32 ports, IRQ sharing enabled
[   10.647604] 00:02: ttyS0 at I/O 0x3f8 (irq = 4, base_baud = 115200) is a 16550A
[   10.650191] Linux agpgart interface v0.103
[   10.652798] loop: module loaded
[   10.654159] scsi host0: ata_piix
[   10.655080] scsi host1: ata_piix
[   10.655866] ata1: PATA max UDMA/33 cmd 0x1f0 ctl 0x3f6 bmdma 0xd000 irq 14
[   10.657172] ata2: PATA max UDMA/33 cmd 0x170 ctl 0x376 bmdma 0xd008 irq 15
[   10.658879] libphy: Fixed MDIO Bus: probed
[   10.739469] tun: Universal TUN/TAP device driver, 1.6
[   10.750763] tun: (C) 1999-2004 Max Krasnyansky <maxk@qualcomm.com>
[   10.823119] PPP generic driver version 2.4.2
[   10.855293] ehci_hcd: USB 2.0 'Enhanced' Host Controller (EHCI) Driver
[   10.856527] ehci-pci: EHCI PCI platform driver
[   10.857562] ehci-platform: EHCI generic platform driver
[   10.858626] ohci_hcd: USB 1.1 'Open' Host Controller (OHCI) Driver
[   10.859823] ohci-pci: OHCI PCI platform driver
[   10.860758] ohci-platform: OHCI generic platform driver
[   10.861843] uhci_hcd: USB Universal Host Controller Interface driver
[   10.863140] i8042: PNP: PS/2 Controller [PNP0303:PS2K,PNP0f03:PS2M] at 0x60,0x64 irq 1,12
[   10.865346] serio: i8042 KBD port at 0x60,0x64 irq 1
[   10.873026] serio: i8042 AUX port at 0x60,0x64 irq 12
[   10.901170] mousedev: PS/2 mouse device common for all mice
[   10.951891] rtc_cmos rtc_cmos: rtc core: registered rtc_cmos as rtc0
[   10.959187] rtc_cmos rtc_cmos: alarms up to one day, 114 bytes nvram
[   10.983150] i2c /dev entries driver
[   10.988302] input: AT Translated Set 2 keyboard as /devices/platform/i8042/serio0/input/input2
[   10.998025] device-mapper: uevent: version 1.0.3
[   11.005503] device-mapper: ioctl: 4.34.0-ioctl (2015-10-28) initialised: dm-devel@redhat.com
[   11.013981] ledtrig-cpu: registered to indicate activity on CPUs
[   11.028732] NET: Registered protocol family 10
[   11.029897] NET: Registered protocol family 17
[   11.030838] Key type dns_resolver registered
[   11.031986] registered taskstats version 1
[   11.032855] Loading compiled-in X.509 certificates
[   11.041380] Loaded X.509 cert 'Build time autogenerated kernel key: 9a104bc44b81e9426fe5c715e47d021d02d69eba'
[   11.043353] zswap: loaded using pool lzo/zbud
[   11.046077] Key type trusted registered
[   11.050182] Key type encrypted registered
[   11.051077] AppArmor: AppArmor sha1 policy hashing enabled
[   11.052168] ima: No TPM chip found, activating TPM-bypass!
[   11.053275] ima: Allocated hash algorithm: sha1
[   11.054260] evm: HMAC attrs: 0x1
[   11.055399]   Magic number: 10:317:118
[   11.056340] rtc_cmos rtc_cmos: setting system clock to 2018-11-05 08:06:58 UTC (1541405218)
[   11.066074] BIOS EDD facility v0.16 2004-Jun-25, 0 devices found
[   11.067281] EDD information not available.
[   11.069473] Freeing unused kernel memory: 1528K
[   11.081691] Write protecting the kernel read-only data: 14336k
[   11.102397] Freeing unused kernel memory: 1664K
[   11.196763] Freeing unused kernel memory: 92K
Loading, please wait...
starting version[   11.282193] random: systemd-udevd: uninitialized urandom read (16 bytes read, 2 bits of entropy available)
 229
[   11.282754] random: udevadm: uninitialized urandom read (16 bytes read, 2 bits of entropy available)
[   11.282773] random: udevadm: uninitialized urandom read (16 bytes read, 2 bits of entropy available)
[   11.290695] random: udevadm: uninitialized urandom read (16 bytes read, 2 bits of entropy available)
[   11.290734] random: udevadm: uninitialized urandom read (16 bytes read, 2 bits of entropy available)
[   11.290860] random: udevadm: uninitialized urandom read (16 bytes read, 2 bits of entropy available)
[   11.290908] random: udevadm: uninitialized urandom read (16 bytes read, 2 bits of entropy available)
[   11.290957] random: udevadm: uninitialized urandom read (16 bytes read, 2 bits of entropy available)
[   11.291004] random: udevadm: uninitialized urandom read (16 bytes read, 2 bits of entropy available)
[   11.291049] random: udevadm: uninitialized urandom read (16 bytes read, 2 bits of entropy available)
[   11.533538] tsc: Refined TSC clocksource calibration: 2395.137 MHz
[   11.545669] clocksource: tsc: mask: 0xffffffffffffffff max_cycles: 0x2286456f7ae, max_idle_ns: 440795202126 ns
[   11.560860] e1000: Intel(R) PRO/1000 Network Driver - version 7.3.21-k8-NAPI
[   11.595284] e1000: Copyright (c) 1999-2006 Intel Corporation.
[   11.603332] Fusion MPT base driver 3.04.20
[   11.604395] Copyright (c) 1999-2008 LSI Corporation
[   11.629766] AVX version of gcm_enc/dec engaged.
[   11.636096] AES CTR mode by8 optimization enabled
[   11.640582] Fusion MPT SPI Host driver 3.04.20
[   11.850236] input: ImExPS/2 Generic Explorer Mouse as /devices/platform/i8042/serio1/input/input4
[   11.970114] e1000 0000:00:03.0 eth0: (PCI:33MHz:32-bit) 02:9f:4a:0a:1b:63
[   11.971424] e1000 0000:00:03.0 eth0: Intel(R) PRO/1000 Network Connection
[   11.973452] mptbase: ioc0: Initiating bringup
[   12.045218] ioc0: LSI53C1030 A0: Capabilities={Initiator}
[   12.339790] scsi host2: ioc0: LSI53C1030 A0, FwRev=00000000h, Ports=1, MaxQ=256, IRQ=20
[   12.518181] scsi 2:0:0:0: Direct-Access     VBOX     HARDDISK         1.0  PQ: 0 ANSI: 5
[   12.610988] scsi target2:0:0: Beginning Domain Validation
[   12.615662] scsi target2:0:0: Domain Validation skipping write tests
[   12.617398] scsi target2:0:0: Ending Domain Validation
[   12.618825] scsi target2:0:0: asynchronous
[   12.620359] scsi 2:0:1:0: Direct-Access     VBOX     HARDDISK         1.0  PQ: 0 ANSI: 5
[   12.633185] scsi target2:0:1: Beginning Domain Validation
[   12.666931] scsi target2:0:1: Domain Validation skipping write tests
[   12.668310] scsi target2:0:1: Ending Domain Validation
[   12.669520] scsi target2:0:1: asynchronous
[   12.682072] sd 2:0:0:0: Attached scsi generic sg0 type 0
[   12.683449] sd 2:0:0:0: [sda] 20971520 512-byte logical blocks: (10.7 GB/10.0 GiB)
[   12.691663] sd 2:0:1:0: Attached scsi generic sg1 type 0
[   12.693700] sd 2:0:1:0: [sdb] 20480 512-byte logical blocks: (10.5 MB/10.0 MiB)
[   12.695952] sd 2:0:0:0: [sda] Write Protect is off
[   12.697348] sd 2:0:1:0: [sdb] Write Protect is off
[   12.698926] sd 2:0:1:0: [sdb] Incomplete mode parameter data
[   12.700491] sd 2:0:1:0: [sdb] Assuming drive cache: write through
[   12.702148] sd 2:0:0:0: [sda] Incomplete mode parameter data
[   12.703619] sd 2:0:0:0: [sda] Assuming drive cache: write through
[   12.736973]  sda: sda1
[   12.738738] sd 2:0:1:0: [sdb] Attached SCSI disk
[   12.740230] sd 2:0:0:0: [sda] Attached SCSI disk
[   12.901831] e1000 0000:00:08.0 eth1: (PCI:33MHz:32-bit) 08:00:27:33:e4:96
[   12.903167] e1000 0000:00:08.0 eth1: Intel(R) PRO/1000 Network Connection
[   12.905333] e1000 0000:00:08.0 enp0s8: renamed from eth1
[   12.989481] e1000 0000:00:03.0 enp0s3: renamed from eth0
Begin: Loading essential drivers ... [   15.051902] md: linear personality registered for level -1
[   15.100390] md: multipath personality registered for level -4
[   15.105032] md: raid0 personality registered for level 0
[   15.209391] md: raid1 personality registered for level 1
[   15.349137] raid6: sse2x1   gen()  8440 MB/s
[   15.417462] raid6: sse2x1   xor()  6760 MB/s
[   15.537561] raid6: sse2x2   gen() 10797 MB/s
[   15.633204] raid6: sse2x2   xor()  7218 MB/s
[   15.745518] raid6: sse2x4   gen() 12554 MB/s
[   15.877299] raid6: sse2x4   xor()  9305 MB/s
[   15.878230] raid6: using algorithm sse2x4 gen() 12554 MB/s
[   15.879314] raid6: .... xor() 9305 MB/s, rmw enabled
[   15.880330] raid6: using ssse3x2 recovery algorithm
[   15.882793] xor: automatically using best checksumming function:
[   15.921217]    avx       : 20128.000 MB/sec
[   15.936769] async_tx: api initialized (async)
[   15.945306] md: raid6 personality registered for level 6
[   15.976755] md: raid5 personality registered for level 5
[   16.030338] md: raid4 personality registered for level 4
[   16.106884] md: raid10 personality registered for level 10
done.
Begin: Running /scripts/init-premount ... done.
Begin: Mounting root file system ... Begin: Running /scripts/local-top ... done.
Begin: Running /scripts/local-premount ... [   16.191830] Btrfs loaded
Scanning for Btrfs filesystems
done.
Warning: fsck not present, so skipping root file system
[   16.313060] EXT4-fs (sda1): mounted filesystem with ordered data mode. Opts: (null)
done.
Begin: Running /scripts/local-bottom ... done.
Begin: Running /scripts/init-bottom ... done.
[   17.296183] systemd[1]: systemd 229 running in system mode. (+PAM +AUDIT +SELINUX +IMA +APPARMOR +SMACK +SYSVINIT +UTMP +LIBCRYPTSETUP +GCRYPT +GNUTLS +ACL +XZ -LZ4 +SECCOMP +BLKID +ELFUTILS +KMOD -IDN)
[   17.554888] systemd[1]: Detected virtualization oracle.
[   17.555960] systemd[1]: Detected architecture x86-64.

Welcome to [1mUbuntu 16.04.5 LTS[0m!

[   17.607910] systemd[1]: Set hostname to <ubuntu>.
[   17.666909] systemd[1]: Initializing machine ID from random generator.
[   17.797141] systemd[1]: Installed transient /etc/machine-id file.
[   17.815622] random: nonblocking pool is initialized
[   19.097816] systemd[1]: Set up automount Arbitrary Executable File Formats File System Automount Point.
[[0;32m  OK  [0m] Set up automount Arbitrary Executab...ats File System Automount Point.
[   19.147693] systemd[1]: Listening on Journal Socket (/dev/log).
[[0;32m  OK  [0m] Listening on Journal Socket (/dev/log).
[   19.163236] systemd[1]: Listening on Device-mapper event daemon FIFOs.
[[0;32m  OK  [0m] Listening on Device-mapper event daemon FIFOs.
[   19.173382] systemd[1]: Listening on /dev/initctl Compatibility Named Pipe.
[[0;32m  OK  [0m] Listening on /dev/initctl Compatibility Named Pipe.
[   19.189678] systemd[1]: Listening on Journal Socket.
[[0;32m  OK  [0m] Listening on Journal Socket.
[   19.261199] systemd[1]: Reached target System Time Synchronized.
[[0;32m  OK  [0m] Reached target System Time Synchronized.
[   19.381369] systemd[1]: Listening on udev Control Socket.
[[0;32m  OK  [0m] Listening on udev Control Socket.
[   19.401038] systemd[1]: Reached target User and Group Name Lookups.
[[0;32m  OK  [0m] Reached target User and Group Name Lookups.
[   19.531257] systemd[1]: Created slice User and Session Slice.
[[0;32m  OK  [0m] Created slice User and Session Slice.
[   19.577853] systemd[1]: Listening on Syslog Socket.
[[0;32m  OK  [0m] Listening on Syslog Socket.
[   19.595925] systemd[1]: Listening on LVM2 metadata daemon socket.
[[0;32m  OK  [0m] Listening on LVM2 metadata daemon socket.
[   19.605561] systemd[1]: Started Forward Password Requests to Wall Directory Watch.
[[0;32m  OK  [0m] Started Forward Password Requests to Wall Directory Watch.
[   19.673923] systemd[1]: Started Trigger resolvconf update for networkd DNS.
[[0;32m  OK  [0m] Started Trigger resolvconf update for networkd DNS.
[   19.777826] systemd[1]: Listening on udev Kernel Socket.
[[0;32m  OK  [0m] Listening on udev Kernel Socket.
[   19.929297] systemd[1]: Listening on Journal Audit Socket.
[[0;32m  OK  [0m] Listening on Journal Audit Socket.
[   19.937302] systemd[1]: Listening on LVM2 poll daemon socket.
[[0;32m  OK  [0m] Listening on LVM2 poll daemon socket.
[   20.009541] systemd[1]: Reached target Encrypted Volumes.
[[0;32m  OK  [0m] Reached target Encrypted Volumes.
[   20.033740] systemd[1]: Reached target Swap.
[[0;32m  OK  [0m] Reached target Swap.
[   20.050467] systemd[1]: Created slice System Slice.
[[0;32m  OK  [0m] Created slice System Slice.
[   20.065259] systemd[1]: Starting Remount Root and Kernel File Systems...
         Starting Remount Root and Kernel File Systems...
[   20.096930] systemd[1]: Reached target Slices.
[   20.098210] EXT4-fs (sda1): re-mounted. Opts: (null)
[[0;32m  OK  [0m] Reached target Slices.
[   20.110168] systemd[1]: Mounting POSIX Message Queue File System...
         Mounting POSIX Message Queue File System...
[   20.189249] systemd[1]: Starting Monitoring of LVM2 mirrors, snapshots etc. using dmeventd or progress polling...
         Starting Monitoring of LVM2 mirrors... dmeventd or progress polling...
[   20.365982] systemd[1]: Starting Set console keymap...
         Starting Set console keymap...
[   20.388408] systemd[1]: Created slice system-serial\x2dgetty.slice.
[[0;32m  OK  [0m] Created slice system-serial\x2dgetty.slice.
[   20.408706] systemd[1]: Starting Journal Service...
         Starting Journal Service...
[   20.513113] systemd[1]: Starting Nameserver information manager...
         Starting Nameserver information manager...
[   20.621830] systemd[1]: Mounting Debug File System...
         Mounting Debug File System...
[   20.652055] systemd[1]: Starting Create list of required static device nodes for the current kernel...
         Starting Create list of required st... nodes for the current kernel...
[   20.729556] systemd[1]: Mounting Huge Pages File System...
         Mounting Huge Pages File System...
[   20.750673] systemd[1]: Starting Load Kernel Modules...
         Starting Load Kernel Modules...
[   20.762315] systemd[1]: Starting Uncomplicated firewall...
         Starting Uncomplicated firewall...
[   20.792397] systemd[1]: Mounted Huge Pages File System.
[[0;32m  OK  [0m] Mounted Huge Pages File System.
[   20.794614] systemd[1]: Mounted POSIX Message Queue File System.
[[0;32m  OK  [0m] Mounted POSIX Message Queue File System.
[   20.796951] systemd[1]: Mounted Debug File System.
[[0;32m  OK  [0m] Mounted Debug File System.
[   20.809709] systemd[1]: Started Journal Service.
[[0;32m  OK  [0m] Started Journal Service.
[[0;32m  OK  [0m] Started Remount Root and Kernel File Systems.
[[0;32m  OK  [0m] Started Set console keymap.
[   20.829482] Loading iSCSI transport class v2.0-870.
[[0;32m  OK  [0m] Started Crea[   20.862173] iscsi: registered transport (tcp)
te list of required sta...ce nodes for the current kernel.
[[0;32m  OK  [0m] Started Uncomplicated firewall.
[[0;32m  OK  [0m] Started Nameserver information manager.
[[0;32m  OK  [0m] Started LVM2 metadata daemon.
         Starting Create Static Device Nodes in /dev...
         Starting udev Coldplug all Devices...
         Starting Load/Save Rand[   21.169222] iscsi: registered transport (iser)
om Seed...
         Starting Flush Journal to Persistent Storage...
[[0;32m  OK  [0m] Started Load Kernel Modules.
[[0;32m  OK  [0m] Started Load/Save Random Seed.
         Mounting FUSE Control File System...
         Starting Apply Kernel Variables...
[[0;32m  OK  [0m] Mounted FUSE Control File System.
[[0;32m  OK  [0m] Started udev Coldplug all Devices.
[   21.388703] systemd-journald[381]: Received request to flush runtime journal from PID 1
[[0;32m  OK  [0m] Started Flush Journal to Persistent Storage.
[[0;32m  OK  [0m] Started Monitoring of LVM2 mirrors,...ng dmeventd or progress polling.
[[0;32m  OK  [0m] Started Apply Kernel Variables.
[[0;32m  OK  [0m] Started Create Static Device Nodes in /dev.
         Starting udev Kernel Device Manager...
[[0;32m  OK  [0m] Started udev Kernel Device Manager.
[[0;32m  OK  [0m] Started Dispatch Password Requests to Console Directory Watch.
[[0;32m  OK  [0m] Reached target Local File Systems (Pre).
[[0;32m  OK  [0m] Reached target Local File Systems.
         Starting LSB: AppArmor initialization...
         Starting Set console font and keymap...
         Starting Commit a transient machine-id on disk...
         Starting Initial cloud-init job (pre-networking)...
         Starting Tell Plymouth To Write Out Runtime Data...
         Starting Create Volatile Files and Directories...
[[0;32m  OK  [0m] Found device /dev/ttyS0.
[[0;32m  OK  [0m] Started Create Volatile Files and Directories.
[[0;32m  OK  [0m] Started Commit a transient machine-id on disk.
[[0;32m  OK  [0m] Started Tell Plymouth To Write Out Runtime Data.
[[0;32m  OK  [0m] Listening on Load/Save RF Kill Switch Status /dev/rfkill Watch.
         Starting Update UTMP about System Boot/Shutdown...
[[0;32m  OK  [0m] Started Update UTMP about System Boot/Shutdown.
[[0;32m  OK  [0m] Started Set console font and keymap.
[[0;32m  OK  [0m] Created slice system-getty.slice.
[[0;32m  OK  [0m] Started LSB: AppArmor initialization.
[   19.622312] cloud-init[482]: Cloud-init v. 18.3-9-g2e62cb8a-0ubuntu1~16.04.2 running 'init-local' at Mon, 05 Nov 2018 08:07:14 +0000. Up 19.01 seconds.
[[0;32m  OK  [0m] Started Initial cloud-init job (pre-networking).
[[0;32m  OK  [0m] Reached target Network (Pre).
         Starting Raise network interfaces...
[[0;32m  OK  [0m] Started Raise network interfaces.
         Starting Initial cloud-init job (metadata service crawler)...
[[0;32m  OK  [0m] Reached target Network.
[   22.290281] cloud-init[944]: Cloud-init v. 18.3-9-g2e62cb8a-0ubuntu1~16.04.2 running 'init' at Mon, 05 Nov 2018 08:07:15 +0000. Up 20.54 seconds.
[   22.311889] cloud-init[944]: ci-info: ++++++++++++++++++++++++++++++++++++++Net device info+++++++++++++++++++++++++++++++++++++++
[   22.344757] [[0;32m  OK  [0m] Started Initial cloud-init job (metadata service crawler).
cloud-init[[0;32m  OK  [0m] Reached target Cloud-config availability.
[[0;32m  OK  [0m] Reached target System Initialization.
[944]: ci-info: +--------+-------+----------------------------+---------------+--------+-------------------+[[0;32m  OK  [0m] Started ACPI Events Check.
[[0;32m  OK  [0m] Reached target Paths.
[[0;32m  OK  [0m] Listening on ACPID Listen Socket.

[   22.350986] cloud-init[944]: ci-info: | Device |   Up  |          Address           |      Mask     | Scope  |     Hw-Address    |
[   22.353530] cloud-init[944]: ci-info: +--------+-------+----------------------------+---------------+--------+-------------------+
[   22.358727] cloud-init[944]: ci-info: | enp0s3 |  True |         10.0.2.15          | 255.255.255.0 | global | 02:9f:4a:0a:1b:63 |
[   22.361108] cloud-init[944]: ci-info: | enp0s3 |  True | fe80::9f:4aff:fe0a:1b63/64 |       .       |  link  | 02:9f:4a:0a:1b:63 |
[   22.363453] cloud-init[944]: ci-info: | enp0s8 | False |             .              |       .       |   .    | 08:00:27:33:e4:96 |
[   22.365837]          Starting LXD - unix socket.
[[0;32m  OK  [0m] Listening on D-Bus System Message Bus Socket.
[[0;32m  OK  [0m] Listening on UUID daemon activation socket.
[[0;32m  OK  [0m] Started Daily Cleanup of Temporary Directories.
[[0;32m  OK  [0m] Started Daily apt download activities.
[[0;32m  OK  [0m] Started Daily apt upgrade and clean activities.
[[0;32m  OK  [0m] Reached target Timers.
         Starting Socket activation for snappy daemon.
[[0;32m  OK  [0m] Reached target Network is Online.
cloud-init[944]: ci-info: |   lo   |  True |         127.0.0.1          |   255.0.0.0   |  host  |         .         |
[   22.374031] cloud-init[944]: ci-info: |   lo   |  True |          ::1/128           |       .       |  host  |         .         |
[   22.376386] cloud-init[944]: ci-info: +--------+-------+----------------------------+---------------+--------+-------------------+
[   22.378713] cloud-init[944]: ci-info: +++++++++++++++++++++++++++Route IPv4 info++++++++++++++++++++++++++++
[   22.380818] cloud-init[944]: ci-info: +-------+-------------+----------+---------------+-----------+-------+
[   22.434788]          cloud-initStarting iSCSI initiator daemon (iscsid)...[944]: 
ci-info: | Route | Destination | Gateway  |    Genmask    | Interface | Flags |
[   22.588435] [cloud-init[0;32m  OK  [0m[944]: ] ci-info: +-------+-------------+----------+---------------+-----------+-------+Listening on LXD - unix socket.

[[0;32m  OK  [0m] Listening on Socket activation for snappy daemon.
[   22.589075] cloud-init[944]: ci-info: |   0   |   0.0.0.0   | 10.0.2.2 |    0.0.0.0    |   enp0s3  |   UG  |
[   22.785291] [cloud-init[0;32m  OK  [0m[944]: ] ci-info: |   1   |   10.0.2.0  | 0.0.0.0  | 255.255.255.0 |   enp0s3  |   U   |Reached target Sockets.

[   22.904942] [cloud-init[0;32m  OK  [0m[944]: ] ci-info: +-------+-------------+----------+---------------+-----------+-------+Reached target Basic System.

[   22.905645] cloud-init[944]: ci-info: +++++++++++++++++++Route IPv6 info+++++++++++++++++++
[   22.954056] cloud-init[944]: ci-info: +-------+-------------+---------+-----------+-------+
[   22.955988] cloud-init[944]: ci-info: | Route | Destination | Gateway | Interface | Flags |
[   22.964851]          Starting System Logging Service...
         Starting LSB: Record successful boot for GRUB...
cloud-init[[0;32m  OK  [0m] Started Regular background program processing daemon.
[944]: ci-info: +-------+-------------+---------+-----------+-------+
[   23.029032]          cloud-initStarting Pollinate to seed the pseudo random number generator...[944]: 
ci-info: |   0   |  fe80::/64  |    ::   |   enp0s3  |   U   |
         Starting Virtualbox guest utils...
[   23.093027] cloud-init[944]: ci-info: |   3   |   ff00::/8  |    ::   |   enp0s3  |   U   |
[   23.184647]          cloud-initStarting LSB: MD monitoring daemon...[944]: 
ci-info: +-------+-------------+---------+-----------+-------+
[   23.250918]          Starting /etc/rc.local Compatibility...
cloud-init[944]: Generating public/private rsa key pair.
[   23.288926]          cloud-initStarting Login Service...[944]: 
Your identification has been saved in /etc/ssh/ssh_host_rsa_key.
[[0;32m  OK  [0m] Started FUSE filesystem for LXC.
[   23.379528] cloud-init[944]: Your public key has been saved in /etc/ssh/ssh_host_rsa_key.pub.
[   23.464447] [cloud-init[0;32m  OK  [0m[944]: ] The key fingerprint is:Started ACPI event daemon.

[   23.515805] [[0;32m  OK  [0m] Started D-Bus System Message Bus.cloud-init
[944]: SHA256:gXBnnSRL87vHkwEcQMaxnj8KZJ/dZrkB6XKprPWuwUw root@ubuntu-xenial
[   23.608896] cloud-init[944]: The key's randomart image is:
[   23.652787] cloud-init[944]: +---[RSA 2048]----+
[   23.680349] cloud-init[944]: |    . .o@=o.     |
[   23.736838] cloud-init[944]: |     o *.Bo.     |
[   23.796393] cloud-init[944]: |      . + +      |
[   23.807354] cloud-init[944]: |       . o +     |
[   23.808862] cloud-init[944]: |      o E + .    |
[   23.844805]          cloud-initStarting LXD - container startup/shutdown...[944]: 
|     o = = * +   |
[   23.936541]          cloud-initStarting Snappy daemon...[944]: 
|      . O O @    |
[   23.997199] [cloud-init[0;32m  OK  [0m[944]: ] |       + B = +   |Started Unattended Upgrades Shutdown.

[   23.997969] cloud-init[944]: |      ..=oo .    |
[   24.120905]          cloud-initStarting Accounts Service...[944]: 
+----[SHA256]-----+
[   24.192771] [cloud-init[0;32m  OK  [0m[944]: ] Generating public/private dsa key pair.Started Deferred execution scheduler.

[   24.193340] cloud-init[944]: Your identification has been saved in /etc/ssh/ssh_host_dsa_key.
[   24.336888] [cloud-init[0;32m  OK  [0m[944]: ] Your public key has been saved in /etc/ssh/ssh_host_dsa_key.pub.Started System Logging Service.

[   24.337431] [cloud-init[0;32m  OK  [0m[944]: ] The key fingerprint is:Started iSCSI initiator daemon (iscsid).

[   24.588325] [cloud-init[0;32m  OK  [0m[944]: ] SHA256:Jpja8GLNDVS+8qyn6TuAUC+CPqiLvCV8HJiqms23XBo root@ubuntu-xenialStarted /etc/rc.local Compatibility.

[   24.589138] cloud-init[944]: The key's randomart image is:
[   24.744340] cloud-init[944]: +---[DSA 1024]----+
[   24.800784] cloud-init[944]: |      .          |
         Starting Login to default iSCSI targets...
[   24.848383] cloud-init[944]: |  .  o           |
[[   24.940005] cloud-init[944]: |.. .. .          |
[   24.940442] cloud-init[944]: |+ +..o .         |
[0;32m  OK  [0m] Started Login Service.
[   24.940634] cloud-init[944]: |+=.o= o S        |
[   25.100667] cloud-init[944]: |=ooB.* o         |
[   25.100942] cloud-init[944]: |oo==E =          |
[   25.102012] cloud-init[944]: |==+oo*.          |
[   25.102219] cloud-init[944]: |B++oX*           |
[   25.102440] cloud-init[944]: +----[SHA256]-----+
[   25.102617] cloud-init[944]: Generating public/private ecdsa key pair.
[   25.102785] cloud-init[944]: Your identification has been saved in /etc/ssh/ssh_host_ecdsa_key.
[[0;32m  OK  [0m] Started LSB: Record successful boot for GRUB.
[   25.102970] cloud-init[944]: Your public key has been saved in /etc/ssh/ssh_host_ecdsa_key.pub.
[   25.368772] cloud-init[944]: The key fingerprint is:
[[0;32m  OK  [0m] Started LSB: MD monitoring daemon.
[   25.369254] cloud-init[944]: SHA256:NqeErmdQhA+p5ECuOrRACVJXsV8WIwv6fXgcJTCpGH4 root@ubuntu-xenial
[   25.588590] cloud-init[944]: The key's randomart image is:
[[0;32m  OK  [0m] Started Pollinate to seed the pseudo random number generator.
[   25.588895] cloud-init[944]: +---[ECDSA 256]---+
         Starting OpenBSD Secure Shell server...
[   25.723620] cloud-init[944]: |+o. .++.+o+ .    |
[   25.791686] cloud-init[944]: |= o.=..o.+ =     |
[   25.820876] cloud-init[944]: | B o.*... +      |
[   25.852699] cloud-init[944]: |o o o.E+ = .     |
[[0;32m  OK  [0m[   25.853024] ] cloud-initStarted Virtualbox guest utils.[944]: 
|o.   oo S =      |
[   25.976921] cloud-init[944]: |+ . .. o *       |
         Starting Authenticate and Authorize Users to Run Privileged Tasks...
[   25.977255] cloud-init[944]: |o.   .. .        |
[   26.077473] cloud-init[944]: | .   .o          |
[   26.077928] cloud-init[944]: |    .o           |
[[0;32m  OK  [0m] Started Login to default iSCSI targets.
[   26.078071] cloud-init[944]: +----[SHA256]-----+
[   26.175184] cloud-init[944]: Generating public/private ed25519 key pair.
[[   26.216649] cloud-init[944]: Your identification has been saved in /etc/ssh/ssh_host_ed25519_key.
[   26.217046] cloud-init[944]: Your public key has been saved in /etc/ssh/ssh_host_ed25519_key.pub.
[   26.217286] cloud-init[944]: The key fingerprint is:
[   26.217499] cloud-init[944]: SHA256:IlLwQEu6XAAFxlVlZXLh/WZx3oyhE8JYxeh+HpGQJa4 root@ubuntu-xenial
[   26.217729] cloud-init[944]: The key's randomart image is:
[   26.217948] cloud-init[944]: +--[ED25519 256]--+
[   26.218172] cloud-init[944]: |=*B....+.=+*o    |
[   26.218423] cloud-init[944]: |.+.=  . ===..    |
[   26.219167] cloud-init[944]: |. ..o   .o+o.o.. |
[   26.219353] cloud-init[944]: |....     ...+o++.|
[   26.219563] cloud-init[944]: |... . . E.  o=..o|
[   26.219761] cloud-init[944]: |   . . .  . =.   |
[   26.220008] cloud-init[944]: |           o .   |
[0;32m  OK  [0m] Started OpenBSD Secure Shell server.
[   26.220581] cloud-init[944]: |            .    |
[   26.286163] cloud-init[944]: |                 |
[   26.287557] cloud-init[944]: +----[SHA256]-----+
[[0;32m  OK  [0m] Reached target Remote File Systems (Pre).
[[0;32m  OK  [0m] Reached target Remote File Systems.
         Starting LSB: daemon to balance interrupts for SMP systems...
         Starting Permit User Sessions...
         Starting LSB: Set the CPU Frequency Scaling governor to "ondemand"...
         Starting LSB: automatic crash report generation...
[[0;32m  OK  [0m] Started Permit User Sessions.
[[0;32m  OK  [0m] Started Authenticate and Authorize Users to Run Privileged Tasks.
[[0;32m  OK  [0m] Started Accounts Service.
         Starting Terminate Plymouth Boot Screen...
         Starting Hold until boot process finishes up...
[[0;32m  OK  [0m] Started LSB: Set the CPU Frequency Scaling governor to "ondemand".
[[0;32m  OK  [0m] Started LSB: daemon to balance interrupts for SMP systems.
[[0;32m  OK  [0m] Started LSB: automatic crash report generation.
[[0;32m  OK  [0m] Started Terminate Plymouth Boot Screen.
[[0;32m  OK  [0m] Started Hold until boot process finishes up.
         Starting Set console scheme...
[[0;32m  OK  [0m] Started Getty on tty1.
[[0;32m  OK  [0m] Started Serial Getty on ttyS0.
[[0;32m  OK  [0m] Reached target Login Prompts.
[[0;32m  OK  [0m] Started Set console scheme.
[[0;32m  OK  [0m] Started LXD - container startup/shutdown.
[[0;32m  OK  [0m] Started Snappy daemon.
         Starting Wait until snapd is fully seeded...
[[0;32m  OK  [0m] Created slice User Slice of vagrant.
         Starting User Manager for UID 1000...
[[0;32m  OK  [0m] Started Session 1 of user vagrant.
[[0;32m  OK  [0m] Started User Manager for UID 1000.
[[0;32m  OK  [0m] Started Wait until snapd is fully seeded.
         Starting Apply the settings specified in cloud-config...
[[0;32m  OK  [0m] Reached target Multi-User System.
[[0;32m  OK  [0m] Reached target Graphical Interface.
         Starting Update UTMP about System Runlevel Changes...
[[0;32m  OK  [0m] Started Update UTMP about System Runlevel Changes.
[   30.789392] cloud-init[1362]: Generating locales (this might take a while)...
[   31.962705] cloud-init[1362]:   en_US.UTF-8... done
[   31.963778] cloud-init[1362]: Generation complete.

Ubuntu 16.04.5 LTS ubuntu-xenial ttyS0

ubuntu-xenial login: [   33.871069] cloud-init[1362]: Cloud-init v. 18.3-9-g2e62cb8a-0ubuntu1~16.04.2 running 'modules:config' at Mon, 05 Nov 2018 08:07:25 +0000. Up 30.53 seconds.
ci-info: no authorized ssh keys fingerprints found for user ubuntu.
<14>Nov  5 08:07:29 ec2: 
<14>Nov  5 08:07:29 ec2: #############################################################
<14>Nov  5 08:07:29 ec2: -----BEGIN SSH HOST KEY FINGERPRINTS-----
<14>Nov  5 08:07:29 ec2: 1024 SHA256:Jpja8GLNDVS+8qyn6TuAUC+CPqiLvCV8HJiqms23XBo root@ubuntu-xenial (DSA)
<14>Nov  5 08:07:29 ec2: 256 SHA256:NqeErmdQhA+p5ECuOrRACVJXsV8WIwv6fXgcJTCpGH4 root@ubuntu-xenial (ECDSA)
<14>Nov  5 08:07:29 ec2: 256 SHA256:IlLwQEu6XAAFxlVlZXLh/WZx3oyhE8JYxeh+HpGQJa4 root@ubuntu-xenial (ED25519)
<14>Nov  5 08:07:29 ec2: 2048 SHA256:gXBnnSRL87vHkwEcQMaxnj8KZJ/dZrkB6XKprPWuwUw root@ubuntu-xenial (RSA)
<14>Nov  5 08:07:29 ec2: -----END SSH HOST KEY FINGERPRINTS-----
<14>Nov  5 08:07:29 ec2: #############################################################
-----BEGIN SSH HOST KEY KEYS-----
ecdsa-sha2-nistp256 AAAAE2VjZHNhLXNoYTItbmlzdHAyNTYAAAAIbmlzdHAyNTYAAABBBGfEtNKzm2vpxYhRXvjtHQ026sdkU12u0d4xXUQkPo9WjbZyw91P5URsavq/KCTYCDJo27dW9+0YNhJMfjenq6g= root@ubuntu-xenial
ssh-ed25519 AAAAC3NzaC1lZDI1NTE5AAAAIHbQVGVWiY7TyM4uUiIkQ+Do18A8/4hm+xWrTtbmEDJx root@ubuntu-xenial
ssh-rsa AAAAB3NzaC1yc2EAAAADAQABAAABAQC3LOHyNF9y10iogrxNSGk96wxLDaSBZrjc+aQ00XM7sAgx7etwnI8/XvIoI6bYuT6tY3q/FyizeEEwxIVWJqDIw4pEblKGscGFzTyvG7kIhdVFB+LWI/eH07p0CCAlJR2ltWa4bIHcdE3LhjJMPNSQnwnpjyUAkNvoMYNSsY2jOnVRollUoj0ZN69XGZV96A91QFPNIxO4Vl6ngl7qtGd8yA9gQ9p9zJ0AVvIJul2Pf/L9OZHP60hZ3eAnefZbKG1NXzxhtis26Wgvp72gqxwd9eTEfVdE2eZ0jhf38ISLRwtav1mDxvLo2LjXEa8qjKk15bkUREPLkhm2FGX2yefz root@ubuntu-xenial
-----END SSH HOST KEY KEYS-----
[   34.337703] cloud-init[1561]: Cloud-init v. 18.3-9-g2e62cb8a-0ubuntu1~16.04.2 running 'modules:final' at Mon, 05 Nov 2018 08:07:29 +0000. Up 34.16 seconds.
[   34.338067] cloud-init[1561]: ci-info: no authorized ssh keys fingerprints found for user ubuntu.
[   34.338185] cloud-init[1561]: Cloud-init v. 18.3-9-g2e62cb8a-0ubuntu1~16.04.2 finished at Mon, 05 Nov 2018 08:07:29 +0000. Datasource DataSourceNoCloud [seed=/dev/sdb][dsmode=net].  Up 34.33 seconds
